2026-10-05 06:06:16,198 INFO dining pass: 129 official sites
2026-10-05 06:06:25,609 INFO DINING   9 Amilla Fushi                           pages=0 dining_pages=0 pdfs=0
2026-10-05 06:06:25,890 INFO DINING   4 Ayada Maldives                         pages=5 dining_pages=5 pdfs=0
2026-10-05 06:06:27,153 INFO DINING  12 Thulhagiri Island Resort & Spa         pages=0 dining_pages=0 pdfs=0
2026-10-05 06:06:27,931 INFO DINING  10 Dreamland - The Unique Sea & Lake Reso pages=0 dining_pages=0 pdfs=0
2026-10-05 06:06:34,783 INFO DINING  11 Angaga Island Resort and Spa           pages=0 dining_pages=0 pdfs=0
2026-10-05 06:06:42,958 INFO DINING   3 Adaaran Select Hudhuranfushi           pages=8 dining_pages=3 pdfs=1
2026-10-05 06:06:50,250 INFO DINING  24 Canareef Resort Maldives               pages=5 dining_pages=5 pdfs=0
2026-10-05 06:06:53,065 INFO DINING  13 Sandies Bathala                        pages=0 dining_pages=0 pdfs=0
2026-10-05 06:06:59,357 INFO DINING  21 Brennia Kottefaru                      pages=0 dining_pages=0 pdfs=0
2026-10-05 06:07:04,382 INFO DINING  28 Kudadoo Maldives Private island        pages=0 dining_pages=0 pdfs=0
2026-10-05 06:07:09,333 INFO DINING  30 Hurawalhi Island Resort                pages=0 dining_pages=0 pdfs=0
2026-10-05 06:07:24,584 INFO DINING  27 Grand Park Kodhipparu Maldives         pages=0 dining_pages=0 pdfs=38
2026-10-05 06:07:26,833 INFO DINING  34 Adaaran Select Meedhupparu             pages=8 dining_pages=3 pdfs=0
2026-10-05 06:07:56,517 INFO DINING  35 Heritance Aarah                        pages=26 dining_pages=3 pdfs=1
2026-10-05 06:08:16,792 INFO DINING  33 Dhigali Maldives                       pages=0 dining_pages=0 pdfs=5
2026-10-05 06:08:23,332 INFO DINING  32 Cocoon Maldives                        pages=0 dining_pages=0 pdfs=0
2026-10-05 06:08:30,063 INFO DINING  19 The Residence Maldives                 pages=32 dining_pages=6 pdfs=4
2026-10-05 06:08:32,065 INFO DINING  20 The Residence Maldives At Dhigurah     pages=32 dining_pages=6 pdfs=0
2026-10-05 06:08:42,847 INFO DINING  43 Dhigufaru Island Resort                pages=3 dining_pages=3 pdfs=0
2026-10-05 06:09:04,736 INFO DINING  45 Saii Lagoon Maldives                   pages=23 dining_pages=7 pdfs=1
2026-10-05 06:09:41,541 INFO DINING  38 Veligandu Maldives Resort Island       pages=2 dining_pages=2 pdfs=1
2026-10-05 06:09:44,012 INFO DINING  26 Centara Ras Fushi Resort & Spa         pages=28 dining_pages=10 pdfs=1
2026-10-05 06:09:46,966 INFO DINING  44 Hard Rock Hotel Maldives               pages=32 dining_pages=12 pdfs=17
2026-10-05 06:09:53,540 INFO DINING  51 Emerald Maldives Resort & Spa Fasmendh pages=1 dining_pages=0 pdfs=0
2026-10-05 06:10:09,246 INFO DINING  49 Vakkaru Maldives                       pages=14 dining_pages=14 pdfs=0
2026-10-05 06:10:14,600 INFO DINING  54 Emerald Faarufushi Resort & Spa        pages=0 dining_pages=0 pdfs=0
2026-10-05 06:10:14,740 INFO DINING  29 Dheruhfinolhu by Jawakara Islands Mald pages=0 dining_pages=0 pdfs=0
2026-10-05 06:10:19,407 INFO DINING  50 Sun Siyam Olhuveli Maldives            pages=0 dining_pages=0 pdfs=2
2026-10-05 06:10:26,410 INFO DINING  46 SO/ Maldives                           pages=0 dining_pages=0 pdfs=6
2026-10-05 06:10:37,395 INFO DINING  63 Hondaafushi Island Resort              pages=0 dining_pages=0 pdfs=0
2026-10-05 06:10:45,439 INFO DINING  52 Eri Maldives                           pages=2 dining_pages=2 pdfs=0
2026-10-05 06:10:55,892 INFO DINING  61 Equator Village                        pages=0 dining_pages=0 pdfs=0
2026-10-05 06:11:03,302 INFO DINING  57 Fushifaru Maldives                     pages=7 dining_pages=6 pdfs=0
2026-10-05 06:11:12,025 INFO DINING  65 Cheval Blanc Randheli                  pages=34 dining_pages=1 pdfs=45
2026-10-05 06:11:25,832 INFO DINING  53 Cinnamon Hakuraa Huraa Maldives        pages=5 dining_pages=4 pdfs=0
2026-10-05 06:11:41,502 INFO DINING  68 JA Manafaru                            pages=14 dining_pages=4 pdfs=1
2026-10-05 06:11:42,776 INFO DINING  69 Adaaran Club Rannalhi                  pages=7 dining_pages=3 pdfs=0
2026-10-05 06:11:48,775 INFO DINING  70 Joy Island                             pages=0 dining_pages=0 pdfs=0
2026-10-05 06:11:51,343 INFO DINING  66 Como Maalifushi                        pages=0 dining_pages=0 pdfs=2
2026-10-05 06:11:51,700 INFO DINING  72 Embudhu Village                        pages=0 dining_pages=0 pdfs=0
2026-10-05 06:11:57,879 INFO DINING  76 Hideaway Beach Resort and Spa at Dhona pages=0 dining_pages=0 pdfs=0
2026-10-05 06:12:02,088 INFO DINING  73 Summer Island Maldives                 pages=0 dining_pages=0 pdfs=0
2026-10-05 06:12:08,527 INFO DINING  77 Atmosphere Kanifushi Maldives          pages=0 dining_pages=0 pdfs=0
2026-10-05 06:12:21,248 INFO DINING  71 Kagi Maldives Resort and Spa           pages=0 dining_pages=0 pdfs=0
2026-10-05 06:12:26,548 INFO DINING  59 Jumeirah Maldives Olhahali Island      pages=39 dining_pages=1 pdfs=0
2026-10-05 06:12:26,956 INFO DINING  62 Cora Cora Maldives                     pages=30 dining_pages=3 pdfs=7
2026-10-05 06:12:37,558 INFO DINING  75 Kandima Maldives                       pages=5 dining_pages=5 pdfs=0
2026-10-05 06:12:37,710 INFO DINING  80 Raaya by Atmosphere                    pages=0 dining_pages=0 pdfs=0
2026-10-05 06:12:39,625 INFO DINING  74 Kandolhu Island Maldives               pages=0 dining_pages=0 pdfs=1
2026-10-05 06:12:42,264 INFO DINING  67 Waldorf Astoria Maldives Ithaafushi    pages=19 dining_pages=5 pdfs=0
2026-10-05 06:12:43,618 INFO DINING  81 Kuredu Island Resort                   pages=0 dining_pages=0 pdfs=0
2026-10-05 06:12:46,678 INFO DINING  79 Komandoo Island Resort                 pages=0 dining_pages=0 pdfs=0
2026-10-05 06:12:48,326 INFO DINING  82 Ifuru Island Maldives                  pages=0 dining_pages=0 pdfs=0
2026-10-05 06:12:53,039 INFO DINING  91 Lily Beach Resort                      pages=0 dining_pages=0 pdfs=0
2026-10-05 06:13:03,364 INFO DINING  98 Madifushi Private Island               pages=0 dining_pages=0 pdfs=0
2026-10-05 06:13:04,436 INFO DINING  83 Mabinhura by Jawakara Islands Maldives pages=0 dining_pages=0 pdfs=0
2026-10-05 06:13:10,829 INFO DINING  89 Inter Continental Maldives Maamunagau  pages=18 dining_pages=8 pdfs=0
2026-10-05 06:13:14,311 INFO DINING 100 Club Med Kanifinolhu                   pages=5 dining_pages=2 pdfs=0
2026-10-05 06:13:15,861 INFO DINING  97 Angsana Resort & Spa Maldives - Velava pages=0 dining_pages=0 pdfs=0
2026-10-05 06:13:20,446 INFO DINING  95 Malahini Kuda Bandos                   pages=0 dining_pages=0 pdfs=0
2026-10-05 06:13:23,409 INFO DINING  99 Conrad Maldives Rangali Island         pages=0 dining_pages=0 pdfs=0
2026-10-05 06:13:24,041 INFO BLOCKED www.anantara.com (403)
2026-10-05 06:13:24,043 INFO DINING 106 Anantara Kihavah Villas                pages=0 dining_pages=0 pdfs=0
2026-10-05 06:13:24,787 INFO BLOCKED www.constancehotels.com (403)
2026-10-05 06:13:24,791 INFO DINING 109 Constance Moofushi Resort              pages=0 dining_pages=0 pdfs=0
2026-10-05 06:13:25,211 INFO DINING  78 Meeru Maldives Resort Island           pages=0 dining_pages=0 pdfs=2
2026-10-05 06:13:26,043 INFO BLOCKED www.coloursofoblu.com (403)
2026-10-05 06:13:26,046 INFO DINING 115 Oblu Select by Atmosphere at Sangeli   pages=0 dining_pages=0 pdfs=0
2026-10-05 06:13:26,749 INFO BLOCKED www.niyama.com (403)
2026-10-05 06:13:26,752 INFO DINING 117 Niyama Maldives                        pages=0 dining_pages=0 pdfs=0
2026-10-05 06:13:31,026 INFO DINING 104 Medhufushi Island Resort               pages=0 dining_pages=0 pdfs=0
2026-10-05 06:13:33,419 INFO DINING 108 Rahaa Resort                           pages=0 dining_pages=0 pdfs=0
2026-10-05 06:13:34,479 INFO DINING  85 Centara Mirage Lagoon Maldives & Centa pages=29 dining_pages=11 pdfs=1
2026-10-05 06:13:42,080 INFO DINING 111 Huvafenfushi Maldives                  pages=0 dining_pages=0 pdfs=0
2026-10-05 06:13:42,697 INFO DINING 105 Kuda Villingili Resort Maldives        pages=5 dining_pages=1 pdfs=0
2026-10-05 06:13:54,967 INFO DINING 120 Bandos Maldives                        pages=0 dining_pages=0 pdfs=0
2026-10-05 06:13:55,722 INFO BLOCKED www.avanihotels.com (403)
2026-10-05 06:13:55,724 INFO DINING 122 Avani + Fares Maldives                 pages=0 dining_pages=0 pdfs=0
2026-10-05 06:14:03,061 INFO DINING  94 Reethi Faru Resort                     pages=12 dining_pages=3 pdfs=2
2026-10-05 06:14:10,367 INFO DINING 118 Sun Siyam Iru Veli Maldives            pages=0 dining_pages=0 pdfs=0
2026-10-05 06:14:17,839 INFO DINING 110 Furaveri Island Resort & Spa           pages=0 dining_pages=0 pdfs=0
2026-10-05 06:14:44,448 INFO DINING 126 Centara Grand Island Resort & Spa Mald pages=30 dining_pages=10 pdfs=0
2026-10-05 06:14:44,448 INFO DINING 133 Oblu By Atmosphere at Helengeli        pages=0 dining_pages=0 pdfs=0
2026-10-05 06:14:45,387 INFO BLOCKED www.varu-atmosphere.com (403)
2026-10-05 06:14:45,393 INFO DINING 138 Varu Island Resort                     pages=0 dining_pages=0 pdfs=0
2026-10-05 06:14:53,202 INFO DINING 129 Riu Atoll and Riu Palace Maldivas      pages=40 dining_pages=16 pdfs=4
2026-10-05 06:14:55,596 INFO DINING 121 Cocoa Island                           pages=0 dining_pages=0 pdfs=0
2026-10-05 06:15:00,132 INFO DINING 125 Gili Lankanfushi                       pages=31 dining_pages=31 pdfs=0
2026-10-05 06:15:16,662 INFO DINING 123 Pullman Maldives Maamutaa Resort       pages=1 dining_pages=0 pdfs=0
2026-10-05 06:15:16,818 INFO DINING 136 Finolhu Baa Atoll Maldives             pages=5 dining_pages=0 pdfs=0
2026-10-05 06:15:17,338 INFO BLOCKED www.naladhu.com (403)
2026-10-05 06:15:17,342 INFO DINING 146 Anantara Veli and Naladhu              pages=0 dining_pages=0 pdfs=0
2026-10-05 06:15:23,234 INFO DINING 142 Safari Island                          pages=0 dining_pages=0 pdfs=0
2026-10-05 06:15:38,780 INFO DINING 116 Nova Maldives                          pages=26 dining_pages=26 pdfs=0
2026-10-05 06:15:59,567 INFO DINING 139 Kudafushi Resort & Spa                 pages=0 dining_pages=0 pdfs=0
2026-10-05 06:16:05,682 INFO DINING 151 Coco Palm Dhunikolhu                   pages=0 dining_pages=0 pdfs=0
2026-10-05 06:16:14,419 INFO BLOCKED www.thenautilusmaldives.com (403)
2026-10-05 06:16:14,429 INFO DINING 157 The Nautilus Maldives                  pages=0 dining_pages=0 pdfs=0
2026-10-05 06:16:24,327 INFO DINING 127 Oaga Art Resort                        pages=0 dining_pages=0 pdfs=0
2026-10-05 06:16:32,957 INFO DINING 152 Makunudu Island                        pages=0 dining_pages=0 pdfs=0
2026-10-05 06:17:06,177 INFO DINING 147 Sun Siyam Vilu Reef Maldives           pages=0 dining_pages=0 pdfs=0
2026-10-05 06:17:24,738 INFO DINING 148 Sun Siyam Iru Fushi Maldives           pages=0 dining_pages=0 pdfs=0
2026-10-05 06:17:58,471 INFO DINING 137 Soneva Secret                          pages=1 dining_pages=1 pdfs=0
2026-10-05 06:18:02,880 INFO DINING 141 Soneva Fushi Resort                    pages=1 dining_pages=1 pdfs=0
2026-10-05 06:18:10,096 INFO DINING 143 Soneva Jani                            pages=1 dining_pages=1 pdfs=0
2026-10-05 06:18:14,992 INFO DINING 166 Kuramathi Maldives                     pages=0 dining_pages=0 pdfs=0
2026-10-05 06:18:28,382 INFO DINING 158 Patina Maldives, Fari Islands          pages=17 dining_pages=2 pdfs=0
2026-10-05 06:18:32,122 INFO DINING 163 Adaaran Prestige Vadoo                 pages=7 dining_pages=3 pdfs=0
2026-10-05 06:19:01,947 INFO DINING 164 Baros Maldives                         pages=27 dining_pages=27 pdfs=2
2026-10-05 06:19:11,732 INFO DINING 159 Cinnamon Dhonveli Maldives             pages=5 dining_pages=4 pdfs=0
2026-10-05 06:19:18,609 INFO DINING 165 Velassaru Maldives                     pages=0 dining_pages=0 pdfs=0
2026-10-05 06:19:20,724 INFO DINING 169 Banyan Tree Maldives Vabbinfaru        pages=0 dining_pages=0 pdfs=0
2026-10-05 06:19:26,722 INFO DINING 168 You & Me Maldives                      pages=0 dining_pages=0 pdfs=0
2026-10-05 06:19:30,278 INFO DINING 160 Cinnamon Velifushi Maldives            pages=5 dining_pages=4 pdfs=0
2026-10-05 06:19:32,539 INFO DINING 172 Mirihi Island Resort                   pages=0 dining_pages=0 pdfs=0
2026-10-05 06:19:34,792 INFO DINING 162 The Marina at Crossroads Maldives      pages=9 dining_pages=0 pdfs=0
2026-10-05 06:19:40,159 INFO DINING 170 Cocogiri Island Resort                 pages=0 dining_pages=0 pdfs=0
2026-10-05 06:19:53,434 INFO DINING 161 Ellaidhoo Maldives By Cinnamon         pages=5 dining_pages=4 pdfs=0
2026-10-05 06:20:20,074 INFO DINING 171 Velaa Private Island Maldives          pages=36 dining_pages=6 pdfs=0
2026-10-05 06:20:20,838 INFO DINING 167 Milaidhoo Island Maldives              pages=33 dining_pages=31 pdfs=1
2026-10-05 06:20:35,214 INFO DINING 173 Kurumba Maldives                       pages=0 dining_pages=0 pdfs=0
2026-10-05 06:20:36,402 INFO DINING 179 Siyam World Maldives                   pages=0 dining_pages=0 pdfs=0
2026-10-05 06:20:38,189 INFO DINING 174 Vilamendhoo Island Resort              pages=10 dining_pages=10 pdfs=4
2026-10-05 06:20:41,672 INFO DINING 182 Kuredhivaru Resort and Spa             pages=0 dining_pages=0 pdfs=0
2026-10-05 06:20:49,299 INFO DINING   2 Filitheyo Island Resort                pages=0 dining_pages=0 pdfs=0
2026-10-05 06:20:51,952 INFO DINING  17 Rihiveli Maldives Resort               pages=0 dining_pages=0 pdfs=0
2026-10-05 06:20:54,436 INFO DINING  31 Innahura Maldives Resort               pages=0 dining_pages=0 pdfs=0
2026-10-05 06:21:02,601 INFO DINING  23 Nooe Maldives Kunavashi                pages=0 dining_pages=0 pdfs=0
2026-10-05 06:21:05,564 INFO DINING  42 Dhiggiri Tourist Resort                pages=0 dining_pages=0 pdfs=0
2026-10-05 06:21:14,492 INFO DINING  58 Sirru Fen Fushi                        pages=0 dining_pages=0 pdfs=0
2026-10-05 06:21:15,952 INFO DINING  84 Alimatha Aquatic Resort                pages=0 dining_pages=0 pdfs=0
2026-10-05 06:21:35,955 INFO DINING 176 Villa Park Sun Island                  pages=18 dining_pages=16 pdfs=2
2026-10-05 06:21:37,426 INFO DINING 175 Villa Nautica Paradise Island          pages=18 dining_pages=16 pdfs=0
2026-10-05 06:21:42,290 INFO DINING 150 Coco Bodu Hithi                        pages=0 dining_pages=0 pdfs=0
2026-10-05 06:21:43,493 INFO DINING 177 Royal Island Resort and Spa            pages=19 dining_pages=17 pdfs=0
2026-10-05 06:21:47,626 INFO DINING 135 Diamonds Thudufushi Beach and Water Vi pages=0 dining_pages=0 pdfs=0
2026-10-05 06:21:48,414 INFO DINING 178 Diamonds Athuruga Beach & Water Villas pages=0 dining_pages=0 pdfs=0
