+ cd /home/user/maldives
+ python3 phase_d.py cc wayback run all
2026-10-05 03:14:40,715 INFO Common Crawl collections: ['CC-MAIN-2026-39', 'CC-MAIN-2026-34', 'CC-MAIN-2026-30', 'CC-MAIN-2026-25']
2026-10-05 03:19:30,666 INFO Common Crawl index is unavailable (503/504 throttling); skipping this run. Re-run `python3 phase_d.py cc run` later.
2026-10-05 03:19:30,695 INFO Wayback: 232 failed urls to check
2026-10-05 03:26:33,416 INFO Wayback: 88 archived copies queued
2026-10-05 03:26:33,512 INFO queue: 88 candidates to process
2026-10-05 03:26:52,814 INFO progress 25/88 {'failed': 25}
2026-10-05 03:27:12,827 INFO progress 50/88 {'failed': 50}
2026-10-05 03:27:32,811 INFO progress 75/88 {'failed': 75}
2026-10-05 03:27:43,249 INFO queue done: {'failed': 88}

== coverage: factsheet 122/182  wedding 55  events 23  map 125  nothing 24  docs 3344

{"factsheet": 122, "wedding": 55, "events": 23, "spa_menu": 77, "dining_menu": 79, "dive_prices": 58, "map": 125, "nothing": 24, "docs": 3344, "resorts_with_docs": 158}
+ python3 phase_f.py
F   1 Six Senses Laamu                       docs=  3 villas=None dining=0 gaps=6
F   2 Filitheyo Island Resort                docs=  0 villas=125 dining=1 gaps=8
F   3 Adaaran Select Hudhuranfushi           docs= 23 villas=None dining=30 gaps=1
F   4 Ayada Maldives                         docs= 33 villas=120 dining=15 gaps=1
F   5 Bolifushi Island Resort                docs=  2 villas=31 dining=11 gaps=2
F   6 Joali Being Bodufushi                  docs=  2 villas=None dining=5 gaps=4
F   7 Joali Muravandhoo                      docs=  5 villas=73 dining=9 gaps=3
F   8 Hilton Maldives Amingiri Resort & Spa  docs=  5 villas=None dining=3 gaps=5
F   9 Amilla Fushi                           docs=100 villas=67 dining=9 gaps=1
F  10 Dreamland - The Unique Sea & Lake Reso docs= 22 villas=90 dining=7 gaps=4
F  11 Angaga Island Resort and Spa           docs= 27 villas=70 dining=10 gaps=5
F  12 Thulhagiri Island Resort & Spa         docs= 19 villas=69 dining=7 gaps=4
F  13 Sandies Bathala                        docs= 32 villas=18 dining=4 gaps=3
F  14 Baglioni Resort Maldives               docs=  0 villas=96 dining=5 gaps=5
F  15 Alila Kothaifaru Maldives              docs=  2 villas=None dining=4 gaps=3
F  16 JW Marriott Kaafu Atoll Island Resort  docs=  2 villas=42 dining=0 gaps=5
F  17 Rihiveli Maldives Resort               docs=  0 villas=None dining=0 gaps=13
F  18 JW Marriott Maldives Resort & Spa      docs=  2 villas=86 dining=6 gaps=3
F  19 The Residence Maldives                 docs= 34 villas=94 dining=11 gaps=1
F  20 The Residence Maldives At Dhigurah     docs= 27 villas=135 dining=10 gaps=2
F  21 Brennia Kottefaru                      docs= 10 villas=187 dining=2 gaps=3
F  22 Barceló Whale Lagoon Maldives          docs=  2 villas=100 dining=3 gaps=2
F  23 Nooe Maldives Kunavashi                docs=  3 villas=None dining=3 gaps=4
F  24 Canareef Resort Maldives               docs=  5 villas=271 dining=14 gaps=3
F  25 Raffles Maldives Meradhoo Resort       docs=  3 villas=38 dining=2 gaps=2
F  26 Centara Ras Fushi Resort & Spa         docs= 24 villas=140 dining=20 gaps=0
F  27 Grand Park Kodhipparu Maldives         docs= 14 villas=120 dining=2 gaps=2
F  28 Kudadoo Maldives Private island        docs= 28 villas=15 dining=1 gaps=3
F  29 Dheruhfinolhu by Jawakara Islands Mald docs=  6 villas=None dining=0 gaps=11
F  30 Hurawalhi Island Resort                docs= 15 villas=15 dining=2 gaps=1
F  31 Innahura Maldives Resort               docs=  6 villas=None dining=1 gaps=8
F  32 Cocoon Maldives                        docs=  8 villas=150 dining=10 gaps=2
