+ cd /home/user/maldives
+ python3 reprocess.py purge
2026-10-05 00:31:45,830 INFO purged 23 extra/foreign docs
+ python3 reprocess.py
2026-10-05 00:37:09,493 INFO reprocessed 3133 docs, 32 changed
+ python3 reconcile.py
2026-10-05 00:37:10,695 INFO reconcile: dropped 123 results, removed 0 orphan files, 0 index entries without file
+ python3 phase_b.py group
2026-10-05 00:37:17,715 INFO B group pulsehotels    unreachable pages=0 pdfs=0
2026-10-05 00:39:21,356 INFO B group villaresorts   ok         pages=120 pdfs=11
2026-10-05 00:39:28,141 INFO B group atmospherecore unreachable pages=0 pdfs=0
2026-10-05 00:41:12,785 INFO B group crownchampa    ok         pages=86 pdfs=25
2026-10-05 00:42:52,225 INFO B group sunsiyam       ok         pages=120 pdfs=2
2026-10-05 00:45:38,276 INFO B group cococollection ok         pages=103 pdfs=29
2026-10-05 00:47:33,251 INFO B group adaaran        ok         pages=120 pdfs=0
2026-10-05 00:50:38,980 INFO B group cinnamon       ok         pages=120 pdfs=28
2026-10-05 00:53:46,403 INFO B group soneva         ok         pages=120 pdfs=18
2026-10-05 00:54:01,851 INFO B group universal      ok         pages=1 pdfs=0
2026-10-05 00:55:27,449 INFO B group niva           ok         pages=71 pdfs=97
2026-10-05 00:59:30,478 INFO B group diamonds       ok         pages=101 pdfs=30
2026-10-05 00:59:44,390 INFO B group emerald        ok         pages=3 pdfs=0
2026-10-05 00:59:44,594 INFO BLOCKED www.constancehotels.com (403)
2026-10-05 00:59:51,666 INFO BLOCKED www.constancehotels.com (403)
2026-10-05 00:59:51,902 INFO B group constance      blocked-partial pages=1 pdfs=0
