2026-10-04 23:24:33,848 INFO === Phase B batch 41-60
2026-10-04 23:24:33,857 INFO B official  41 Ozen By Atmosphere At Maadhoo            unverified pages=0 pdfs=0 js=True
2026-10-04 23:24:33,857 INFO B official  43 Dhigufaru Island Resort                  ok         pages=70 pdfs=11 js=False
2026-10-04 23:24:33,857 INFO B official  44 Hard Rock Hotel Maldives                 ok         pages=70 pdfs=68 js=True
2026-10-04 23:24:33,858 INFO B official  45 Saii Lagoon Maldives                     ok         pages=1 pdfs=98 js=False
2026-10-04 23:24:33,858 INFO B official  42 Dhiggiri Tourist Resort                  unverified pages=0 pdfs=0 js=True
2026-10-04 23:24:33,861 INFO B official  48 Dusit Thani Maldives                     unverified pages=0 pdfs=0 js=True
2026-10-04 23:24:33,861 INFO B official  49 Vakkaru Maldives                         ok         pages=70 pdfs=32 js=False
2026-10-04 23:24:33,868 INFO B official  47 Park Hyatt Maldives, Hadahaa             unverified pages=0 pdfs=0 js=True
2026-10-04 23:24:33,868 INFO B official  52 Eri Maldives                             ok         pages=70 pdfs=0 js=False
2026-10-04 23:24:33,868 INFO B official  53 Cinnamon Hakuraa Huraa Maldives          ok         pages=1 pdfs=0 js=False
2026-10-04 23:24:33,869 INFO B official  51 Emerald Maldives Resort & Spa Fasmendho  ok         pages=70 pdfs=16 js=False
2026-10-04 23:24:33,869 INFO B official  54 Emerald Faarufushi Resort & Spa          ok         pages=70 pdfs=12 js=False
2026-10-04 23:24:33,869 INFO B official  46 SO/ Maldives                             ok         pages=70 pdfs=88 js=False
2026-10-04 23:24:33,869 INFO B official  50 Sun Siyam Olhuveli Maldives              ok         pages=70 pdfs=10 js=False
2026-10-04 23:24:33,872 INFO B official  56 Four Seasons Resort Maldives at Kuda Hur blocked    pages=0 pdfs=0 js=False
2026-10-04 23:24:33,874 INFO B official  55 Fihaalhohi Maldives                      unreachable pages=0 pdfs=0 js=False
2026-10-04 23:24:33,874 INFO B official  60 Reethi Beach Resort                      unverified pages=0 pdfs=0 js=True
2026-10-04 23:24:33,876 INFO B official  58 Sirru Fen Fushi                          unverified pages=0 pdfs=0 js=True
2026-10-04 23:24:33,876 INFO B official  59 Jumeirah Maldives Olhahali Island        ok         pages=1 pdfs=0 js=False
2026-10-04 23:25:24,880 INFO B official  57 Fushifaru Maldives                       blocked-partial pages=34 pdfs=0 js=False
2026-10-04 23:25:24,904 INFO queue: 311 candidates to process
2026-10-04 23:25:39,564 INFO progress 25/311 {'stored': 23, 'duplicate': 1, 'failed': 1}
