2026-10-04 22:51:05,573 INFO === Phase B batch 1-20
2026-10-04 22:51:05,583 INFO B official   5 Bolifushi Island Resort                  blocked    pages=0 pdfs=0 js=False
2026-10-04 22:51:05,583 INFO B official   1 Six Senses Laamu                         blocked    pages=0 pdfs=0 js=False
2026-10-04 22:51:05,583 INFO B official   3 Adaaran Select Hudhuranfushi             ok         pages=46 pdfs=37 js=False
2026-10-04 22:51:05,584 INFO B official   4 Ayada Maldives                           ok         pages=70 pdfs=30 js=False
2026-10-04 22:51:05,591 INFO B official   9 Amilla Fushi                             ok         pages=40 pdfs=94 js=False
2026-10-04 22:51:05,593 INFO B official  10 Dreamland - The Unique Sea & Lake Resort ok         pages=24 pdfs=35 js=False
2026-10-04 22:51:05,593 INFO B official  11 Angaga Island Resort and Spa             ok         pages=41 pdfs=71 js=False
2026-10-04 22:51:05,594 INFO B official  12 Thulhagiri Island Resort & Spa           ok         pages=40 pdfs=43 js=False
2026-10-04 22:51:13,013 INFO B official   7 Joali Muravandhoo                        unreachable pages=0 pdfs=0 js=False
2026-10-04 22:51:13,283 INFO B official   6 Joali Being Bodufushi                    unreachable pages=0 pdfs=0 js=False
2026-10-04 22:51:13,298 INFO BLOCKED www.baglionihotels.com (403)
2026-10-04 22:51:14,496 INFO render fail https://www.filitheyo.com/ Page.goto: net::ERR_TOO_MANY_RETRIES at https://www.filitheyo.com/
Call log:
  - navigating to "https://www.filitheyo.co
2026-10-04 22:51:14,601 INFO B official   2 Filitheyo Island Resort                  unverified pages=0 pdfs=0 js=False
2026-10-04 22:51:14,601 INFO B official  16 JW Marriott Kaafu Atoll Island Resort    blocked    pages=0 pdfs=0 js=False
2026-10-04 22:51:34,431 INFO render fail https://www.baglionihotels.com/category/baglioni-resort-maldives/ Page.goto: net::ERR_TOO_MANY_RETRIES at https://www.baglionihotels.com/category/baglioni-resort-maldives/
Call log:
  - 
2026-10-04 22:51:34,533 INFO B official  14 Baglioni Resort Maldives                 blocked    pages=0 pdfs=0 js=False
2026-10-04 22:51:34,534 INFO B official  18 JW Marriott Maldives Resort & Spa        blocked    pages=0 pdfs=0 js=False
2026-10-04 22:51:53,773 INFO render fail https://www.rihiveli-maldives.com/ Page.goto: net::ERR_TOO_MANY_RETRIES at https://www.rihiveli-maldives.com/
Call log:
  - navigating to "https://www.rihi
2026-10-04 22:51:53,864 INFO B official  17 Rihiveli Maldives Resort                 unverified pages=0 pdfs=0 js=False
2026-10-04 22:52:33,114 INFO B official   8 Hilton Maldives Amingiri Resort & Spa    unverified pages=0 pdfs=0 js=True
2026-10-04 22:52:40,707 INFO render fail https://www.cenizaro.com/theresidence/maldives-fm/experiences/cooking-class Page.goto: net::ERR_TOO_MANY_RETRIES at https://www.cenizaro.com/theresidence/maldives-fm/experiences/cooking-class
Call
2026-10-04 22:53:18,078 INFO render fail https://www.alilahotels.com/kothaifaru Page.goto: net::ERR_TOO_MANY_RETRIES at https://www.alilahotels.com/kothaifaru
Call log:
  - navigating to "https://www.
2026-10-04 22:53:18,175 INFO B official  15 Alila Kothaifaru Maldives                blocked    pages=0 pdfs=0 js=False
2026-10-04 22:54:26,903 INFO B official  19 The Residence Maldives                   ok         pages=49 pdfs=16 js=True
2026-10-04 22:54:31,587 INFO B official  20 The Residence Maldives At Dhigurah       ok         pages=54 pdfs=17 js=True
2026-10-04 22:55:09,637 INFO B official  13 Sandies Bathala                          ok         pages=70 pdfs=64 js=False
2026-10-04 22:55:09,648 INFO queue: 97 candidates to process
2026-10-04 22:55:28,939 INFO progress 25/97 {'stored': 19, 'unmatched': 3, 'duplicate': 3}
2026-10-04 22:55:47,823 INFO progress 50/97 {'stored': 40, 'unmatched': 6, 'duplicate': 4}
2026-10-04 22:56:01,918 INFO progress 75/97 {'stored': 64, 'unmatched': 7, 'duplicate': 4}
2026-10-04 22:56:16,349 INFO queue done: {'stored': 77, 'unmatched': 7, 'duplicate': 13}

== coverage: factsheet 111/182  wedding 10  events 4  map 108  nothing 50  docs 603

2026-10-04 22:56:18,845 INFO === Phase B batch 21-40
2026-10-04 22:56:19,684 INFO BLOCKED www.halcyonmaldives.com (403)
2026-10-04 22:56:19,844 INFO BLOCKED www.melia.com (403)
2026-10-04 22:56:25,619 INFO B official  23 Nooe Maldives Kunavashi                  unreachable pages=0 pdfs=0 js=False
2026-10-04 22:56:33,432 INFO BLOCKED www.raffles.com (403)
2026-10-04 22:57:22,977 INFO render fail https://www.raffles.com/maldives/ Page.goto: net::ERR_TOO_MANY_RETRIES at https://www.raffles.com/maldives/
Call log:
  - navigating to "https://www.raffl
2026-10-04 22:57:23,109 INFO B official  25 Raffles Maldives Meradhoo Resort         blocked    pages=0 pdfs=0 js=False
2026-10-04 22:57:23,588 INFO B official  24 Canareef Resort Maldives                 ok         pages=70 pdfs=5 js=False
2026-10-04 22:57:28,618 INFO B official  27 Grand Park Kodhipparu Maldives           ok         pages=1 pdfs=0 js=False
2026-10-04 22:57:31,990 INFO render fail https://www.barcelo.com/en-ww/barcelo-whale-lagoon-maldives/ Page.goto: net::ERR_TOO_MANY_RETRIES at https://www.barcelo.com/en-ww/barcelo-whale-lagoon-maldives/
Call log:
  - navig
2026-10-04 22:57:32,107 INFO B official  22 Barceló Whale Lagoon Maldives            unverified pages=0 pdfs=0 js=False
2026-10-04 22:58:28,986 INFO B official  21 Brennia Kottefaru                        ok         pages=33 pdfs=8 js=True
2026-10-04 22:59:03,175 INFO B official  26 Centara Ras Fushi Resort & Spa           ok         pages=42 pdfs=5 js=False
2026-10-04 22:59:25,064 INFO B official  28 Kudadoo Maldives Private island          ok         pages=1 pdfs=0 js=True
2026-10-04 22:59:34,102 INFO B official  30 Hurawalhi Island Resort                  ok         pages=1 pdfs=0 js=True
2026-10-04 22:59:43,009 INFO render fail https://www.innahura.com/ Page.goto: net::ERR_TOO_MANY_RETRIES at https://www.innahura.com/
Call log:
  - navigating to "https://www.innahura.com/
2026-10-04 22:59:43,100 INFO B official  31 Innahura Maldives Resort                 unverified pages=0 pdfs=0 js=False
2026-10-04 23:00:42,063 INFO B official  34 Adaaran Select Meedhupparu               ok         pages=53 pdfs=8 js=False
2026-10-04 23:00:42,297 INFO B official  33 Dhigali Maldives                         ok         pages=70 pdfs=104 js=False
2026-10-04 23:00:55,297 INFO B official  36 Coastline Residences                     unreachable pages=0 pdfs=0 js=False
2026-10-04 23:00:57,192 INFO B official  37 The Ritz Carlton Maldives Fari Islands   unreachable pages=0 pdfs=0 js=False
2026-10-04 23:00:57,579 INFO BLOCKED www.nh-collection.com (403)
2026-10-04 23:01:04,169 INFO B official  35 Heritance Aarah                          ok         pages=70 pdfs=231 js=False
2026-10-04 23:01:04,695 INFO BLOCKED www.marriott.com (403)
2026-10-04 23:01:06,386 INFO BLOCKED www.nh-hotels.com (403)
2026-10-04 23:01:42,650 INFO B official  40 Le Méridien Maldives Resort and Spa      blocked    pages=0 pdfs=0 js=False
2026-10-04 23:01:53,172 INFO B official  39 NH Collection Maldives Havodda Resort    blocked    pages=0 pdfs=0 js=False
2026-10-04 23:02:24,461 INFO B official  29 Dheruhfinolhu by Jawakara Islands Maldiv ok         pages=1 pdfs=0 js=True
/home/user/maldives/crawl.py:310: XMLParsedAsHTMLWarning: It looks like you're using an HTML parser to parse an XML document.

Assuming this really is an XML document, what you're doing might work, but you should know that using an XML parser will be more reliable. To parse this document as XML, make sure you have the Python package 'lxml' installed, and pass the keyword argument `features="xml"` into the BeautifulSoup constructor.

If you want or need to use an HTML parser on this document, you can make this warning go away by filtering it. To do that, run this code before calling the BeautifulSoup constructor:

    from bs4 import XMLParsedAsHTMLWarning
    import warnings

    warnings.filterwarnings("ignore", category=XMLParsedAsHTMLWarning)

  if u.lower().endswith(".pdf"):
2026-10-04 23:03:27,263 INFO B official  32 Cocoon Maldives                          ok         pages=50 pdfs=2 js=True
2026-10-04 23:04:52,596 INFO B official  38 Veligandu Maldives Resort Island         ok         pages=70 pdfs=51 js=True
2026-10-04 23:04:52,609 INFO queue: 414 candidates to process
2026-10-04 23:05:03,641 INFO progress 25/414 {'stored': 23, 'duplicate': 1, 'rejected': 1}
2026-10-04 23:05:23,005 INFO progress 50/414 {'stored': 43, 'duplicate': 6, 'rejected': 1}
2026-10-04 23:05:45,034 INFO progress 75/414 {'stored': 64, 'duplicate': 10, 'rejected': 1}
2026-10-04 23:05:45,040 ERROR candidate failed https://www.nivadhigali.com/wp-content/uploads/2026/05/Niva-Dhigali_Festive-2026_web.pdf
Traceback (most recent call last):
  File "/home/user/maldives/lib.py", line 624, in run_queue
    stats = defaultdict(int)
                      ^^^^^^^
  File "/usr/lib/python3.11/concurrent/futures/_base.py", line 449, in result
    return self.__get_result()
           ^^^^^^^^^^^^^^^^^^^
  File "/usr/lib/python3.11/concurrent/futures/_base.py", line 401, in __get_result
    raise self._exception
  File "/usr/lib/python3.11/concurrent/futures/thread.py", line 58, in run
    result = self.fn(*self.args, **self.kwargs)
             ^^^^^^^^^^^^^^^^^^^^^^^^^^^^^^^^^^
  File "/home/user/maldives/lib.py", line 567, in process_candidate
    rid = ids[0]
FileNotFoundError: [Errno 2] No such file or directory: '/home/user/maldives/state/pdfcache/f2674b9b5c1bff3b07e79c584f645fd63a18acf96b0f07e8da3c605452f7dc5a.pdf' -> '/home/user/maldives/library/033_dhigali-maldives/calendar/2026_Niva-Dhigali_Festive-2026_web.pdf'
2026-10-04 23:06:03,544 INFO progress 100/414 {'stored': 85, 'duplicate': 13, 'rejected': 1, 'error FileNotFoundError': 1}
2026-10-04 23:06:18,431 INFO progress 125/414 {'stored': 107, 'duplicate': 16, 'rejected': 1, 'error FileNotFoundError': 1}
2026-10-04 23:06:38,687 INFO progress 150/414 {'stored': 126, 'duplicate': 22, 'rejected': 1, 'error FileNotFoundError': 1}
2026-10-04 23:06:58,369 INFO progress 175/414 {'stored': 150, 'duplicate': 23, 'rejected': 1, 'error FileNotFoundError': 1}
2026-10-04 23:07:18,397 INFO progress 200/414 {'stored': 173, 'duplicate': 23, 'rejected': 1, 'error FileNotFoundError': 1, 'unmatched': 2}
2026-10-04 23:07:38,476 INFO progress 225/414 {'stored': 198, 'duplicate': 23, 'rejected': 1, 'error FileNotFoundError': 1, 'unmatched': 2}
2026-10-04 23:07:58,433 INFO progress 250/414 {'stored': 215, 'duplicate': 26, 'rejected': 2, 'error FileNotFoundError': 1, 'unmatched': 6}
2026-10-04 23:08:18,452 INFO progress 275/414 {'stored': 238, 'duplicate': 26, 'rejected': 2, 'error FileNotFoundError': 1, 'unmatched': 8}
2026-10-04 23:08:38,459 INFO progress 300/414 {'stored': 255, 'duplicate': 29, 'rejected': 2, 'error FileNotFoundError': 1, 'unmatched': 13}
2026-10-04 23:08:57,533 INFO progress 325/414 {'stored': 275, 'duplicate': 30, 'rejected': 2, 'error FileNotFoundError': 1, 'unmatched': 17}
2026-10-04 23:09:06,908 INFO progress 350/414 {'stored': 294, 'duplicate': 36, 'rejected': 2, 'error FileNotFoundError': 1, 'unmatched': 17}
2026-10-04 23:09:19,828 INFO progress 375/414 {'stored': 314, 'duplicate': 38, 'rejected': 2, 'error FileNotFoundError': 1, 'unmatched': 17, 'failed': 3}
2026-10-04 23:09:39,536 INFO progress 400/414 {'stored': 339, 'duplicate': 38, 'rejected': 2, 'error FileNotFoundError': 1, 'unmatched': 17, 'failed': 3}
2026-10-04 23:09:56,715 INFO queue done: {'stored': 346, 'duplicate': 38, 'rejected': 2, 'error FileNotFoundError': 1, 'unmatched': 17, 'failed': 10}

== coverage: factsheet 112/182  wedding 14  events 4  map 109  nothing 49  docs 949

2026-10-04 23:09:59,988 INFO === Phase B batch 41-60
2026-10-04 23:10:00,837 INFO BLOCKED www.ozenlifemaadhoo.com (403)
2026-10-04 23:10:12,344 INFO B official  45 Saii Lagoon Maldives                     ok         pages=1 pdfs=98 js=False
2026-10-04 23:10:32,557 INFO B official  42 Dhiggiri Tourist Resort                  unverified pages=0 pdfs=0 js=True
2026-10-04 23:10:44,189 INFO B official  41 Ozen By Atmosphere At Maadhoo            unverified pages=0 pdfs=0 js=True
2026-10-04 23:10:44,449 INFO BLOCKED www.dusit.com (403)
2026-10-04 23:11:07,346 INFO B official  43 Dhigufaru Island Resort                  ok         pages=70 pdfs=11 js=False
2026-10-04 23:11:46,399 INFO B official  48 Dusit Thani Maldives                     unverified pages=0 pdfs=0 js=True
2026-10-04 23:12:03,705 INFO B official  47 Park Hyatt Maldives, Hadahaa             unverified pages=0 pdfs=0 js=True
/home/user/maldives/crawl.py:310: XMLParsedAsHTMLWarning: It looks like you're using an HTML parser to parse an XML document.

Assuming this really is an XML document, what you're doing might work, but you should know that using an XML parser will be more reliable. To parse this document as XML, make sure you have the Python package 'lxml' installed, and pass the keyword argument `features="xml"` into the BeautifulSoup constructor.

If you want or need to use an HTML parser on this document, you can make this warning go away by filtering it. To do that, run this code before calling the BeautifulSoup constructor:

    from bs4 import XMLParsedAsHTMLWarning
    import warnings

    warnings.filterwarnings("ignore", category=XMLParsedAsHTMLWarning)

  if path_prefix and not pu.path.startswith(path_prefix):
/home/user/maldives/lib.py:242: XMLParsedAsHTMLWarning: It looks like you're using an HTML parser to parse an XML document.

Assuming this really is an XML document, what you're doing might work, but you should know that using an XML parser will be more reliable. To parse this document as XML, make sure you have the Python package 'lxml' installed, and pass the keyword argument `features="xml"` into the BeautifulSoup constructor.

If you want or need to use an HTML parser on this document, you can make this warning go away by filtering it. To do that, run this code before calling the BeautifulSoup constructor:

    from bs4 import XMLParsedAsHTMLWarning
    import warnings

    warnings.filterwarnings("ignore", category=XMLParsedAsHTMLWarning)

  soup = BeautifulSoup(html, "lxml")
/home/user/maldives/lib.py:223: XMLParsedAsHTMLWarning: It looks like you're using an HTML parser to parse an XML document.

Assuming this really is an XML document, what you're doing might work, but you should know that using an XML parser will be more reliable. To parse this document as XML, make sure you have the Python package 'lxml' installed, and pass the keyword argument `features="xml"` into the BeautifulSoup constructor.

If you want or need to use an HTML parser on this document, you can make this warning go away by filtering it. To do that, run this code before calling the BeautifulSoup constructor:

    from bs4 import XMLParsedAsHTMLWarning
    import warnings

    warnings.filterwarnings("ignore", category=XMLParsedAsHTMLWarning)

  soup = BeautifulSoup(html, "lxml")
/home/user/maldives/crawl.py:133: XMLParsedAsHTMLWarning: It looks like you're using an HTML parser to parse an XML document.

Assuming this really is an XML document, what you're doing might work, but you should know that using an XML parser will be more reliable. To parse this document as XML, make sure you have the Python package 'lxml' installed, and pass the keyword argument `features="xml"` into the BeautifulSoup constructor.

If you want or need to use an HTML parser on this document, you can make this warning go away by filtering it. To do that, run this code before calling the BeautifulSoup constructor:

    from bs4 import XMLParsedAsHTMLWarning
    import warnings

    warnings.filterwarnings("ignore", category=XMLParsedAsHTMLWarning)

  found.add(u.rstrip(".,);"))
2026-10-04 23:12:56,856 INFO B official  44 Hard Rock Hotel Maldives                 ok         pages=70 pdfs=68 js=True
2026-10-04 23:13:09,485 INFO B official  46 SO/ Maldives                             ok         pages=70 pdfs=88 js=False
2026-10-04 23:13:11,104 INFO B official  49 Vakkaru Maldives                         ok         pages=70 pdfs=32 js=False
2026-10-04 23:13:15,950 INFO B official  50 Sun Siyam Olhuveli Maldives              ok         pages=70 pdfs=10 js=False
2026-10-04 23:13:16,025 INFO B official  51 Emerald Maldives Resort & Spa Fasmendho  ok         pages=70 pdfs=16 js=False
2026-10-04 23:13:16,424 INFO BLOCKED www.fourseasons.com (403)
2026-10-04 23:13:27,172 INFO B official  53 Cinnamon Hakuraa Huraa Maldives          ok         pages=1 pdfs=0 js=False
2026-10-04 23:13:29,869 INFO B official  56 Four Seasons Resort Maldives at Kuda Hur blocked    pages=0 pdfs=0 js=False
2026-10-04 23:13:57,061 INFO B official  55 Fihaalhohi Maldives                      unreachable pages=0 pdfs=0 js=False
2026-10-04 23:14:03,239 INFO BLOCKED www.fairmont.com (403)
2026-10-04 23:14:11,098 INFO B official  54 Emerald Faarufushi Resort & Spa          ok         pages=70 pdfs=12 js=False
2026-10-04 23:14:11,961 INFO BLOCKED www.reethibeach.com (403)
2026-10-04 23:14:13,756 INFO B official  59 Jumeirah Maldives Olhahali Island        ok         pages=1 pdfs=0 js=False
2026-10-04 23:14:24,504 INFO B official  57 Fushifaru Maldives                       blocked-partial pages=36 pdfs=32 js=False
2026-10-04 23:14:58,339 INFO B official  58 Sirru Fen Fushi                          unverified pages=0 pdfs=0 js=True
2026-10-04 23:15:20,583 INFO B official  60 Reethi Beach Resort                      unverified pages=0 pdfs=0 js=True
2026-10-04 23:16:07,019 INFO B official  52 Eri Maldives                             ok         pages=70 pdfs=0 js=False
2026-10-04 23:16:07,052 INFO queue: 523 candidates to process
2026-10-04 23:16:23,505 INFO progress 25/523 {'stored': 21, 'duplicate': 1, 'unmatched': 3}
2026-10-04 23:16:42,457 INFO progress 50/523 {'stored': 45, 'duplicate': 1, 'unmatched': 4}
2026-10-04 23:17:02,750 INFO progress 75/523 {'stored': 66, 'duplicate': 1, 'unmatched': 6, 'rejected': 1, 'failed': 1}
2026-10-04 23:17:22,883 INFO progress 100/523 {'stored': 84, 'duplicate': 4, 'unmatched': 9, 'rejected': 2, 'failed': 1}
2026-10-04 23:17:37,858 INFO progress 125/523 {'stored': 101, 'duplicate': 4, 'unmatched': 12, 'rejected': 2, 'failed': 6}
2026-10-04 23:17:57,924 INFO progress 150/523 {'stored': 116, 'duplicate': 4, 'unmatched': 12, 'rejected': 2, 'failed': 16}
2026-10-04 23:18:14,467 INFO progress 175/523 {'stored': 129, 'duplicate': 16, 'unmatched': 12, 'rejected': 2, 'failed': 16}
2026-10-04 23:18:33,012 INFO progress 200/523 {'stored': 141, 'duplicate': 16, 'unmatched': 19, 'rejected': 8, 'failed': 16}
2026-10-04 23:18:52,972 INFO progress 225/523 {'stored': 154, 'duplicate': 16, 'unmatched': 29, 'rejected': 10, 'failed': 16}
2026-10-04 23:19:05,291 INFO progress 250/523 {'stored': 178, 'duplicate': 16, 'unmatched': 29, 'rejected': 10, 'failed': 17}
2026-10-04 23:19:22,572 INFO progress 275/523 {'stored': 202, 'duplicate': 16, 'unmatched': 30, 'rejected': 10, 'failed': 17}
2026-10-04 23:19:35,375 INFO progress 300/523 {'stored': 226, 'duplicate': 16, 'unmatched': 31, 'rejected': 10, 'failed': 17}
2026-10-04 23:19:47,365 INFO progress 325/523 {'stored': 248, 'duplicate': 17, 'unmatched': 33, 'rejected': 10, 'failed': 17}
2026-10-04 23:19:50,585 INFO progress 350/523 {'stored': 252, 'duplicate': 17, 'unmatched': 33, 'rejected': 10, 'failed': 38}
Traceback (most recent call last):
  File "/home/user/maldives/phase_b.py", line 143, in <module>
    end = int(args[1]) if len(args) > 1 else 182
                ^^^^^^^^^^^^^^^
  File "/home/user/maldives/lib.py", line 632, in run_queue
    docs = load_docs()
                ^^^^^^^
  File "/home/user/maldives/lib.py", line 158, in save_docs
    json.dump(docs, f, ensure_ascii=False, indent=0)
  File "/usr/lib/python3.11/json/__init__.py", line 179, in dump
    for chunk in iterable:
  File "/usr/lib/python3.11/json/encoder.py", line 432, in _iterencode
    yield from _iterencode_dict(o, _current_indent_level)
  File "/usr/lib/python3.11/json/encoder.py", line 357, in _iterencode_dict
    for key, value in items:
RuntimeError: dictionary changed size during iteration
