2026-10-04 23:18:28,626 INFO BLOCKED www.tourism.gov.mv (403)
2026-10-04 23:18:52,688 INFO BLOCKED tourism.gov.mv (403)
2026-10-04 23:18:59,585 INFO ministry register: 0 domains
2026-10-04 23:19:17,713 INFO C agency https://www.kellyan.co.jp/                    ok           pages=12 pdfs=0
2026-10-04 23:19:33,866 INFO C agency https://www.awesomegetawaymaldives.com/       ok           pages=10 pdfs=22
2026-10-04 23:19:47,683 INFO C agency https://www.innermaldives.com/                ok           pages=12 pdfs=0
2026-10-04 23:20:35,132 INFO C agency https://www.voyagesmaldives.com/              ok           pages=27 pdfs=1
2026-10-04 23:22:46,411 INFO C agency https://www.unihotel.org/                     ok           pages=150 pdfs=18
2026-10-04 23:23:18,578 INFO C agency https://www.letsgomaldives.com/               ok           pages=150 pdfs=89
2026-10-04 23:23:19,045 INFO C agency https://www.hummingbird.travel/               ok           pages=150 pdfs=12
2026-10-04 23:23:24,603 INFO C agency https://www.travelconnectionmaldives.com/     ok           pages=1 pdfs=0
2026-10-04 23:23:31,302 INFO C agency https://www.suntravelsmaldives.com/           ok           pages=139 pdfs=0
2026-10-04 23:23:39,031 INFO C agency https://www.mondomaldive.it/                  ok           pages=150 pdfs=0
2026-10-04 23:23:45,814 INFO C agency https://www.resortlife.mv/                    unreachable  pages=0 pdfs=0
2026-10-04 23:23:58,350 INFO C agency https://www.islandsmaldives.com/              ok           pages=2 pdfs=0
2026-10-04 23:24:10,877 INFO C agency https://www.maldivesdmc.com/                  ok           pages=2 pdfs=0
2026-10-04 23:24:15,667 INFO C agency https://www.secretparadise.mv/                ok           pages=38 pdfs=7
2026-10-04 23:24:17,332 INFO C agency https://www.ablemaldives.com/                 unreachable  pages=0 pdfs=0
2026-10-04 23:24:22,813 INFO C agency https://www.maldives-travel.com/              unreachable  pages=0 pdfs=0
2026-10-04 23:24:29,431 INFO C agency https://www.maldivestravelspot.com/           unreachable  pages=0 pdfs=0
2026-10-04 23:24:54,930 INFO C agency https://www.capitaltravel.com/                ok           pages=150 pdfs=0
2026-10-04 23:25:02,157 INFO C agency https://www.maldivesbookings.com/             unreachable  pages=0 pdfs=0
2026-10-04 23:25:11,077 INFO C agency https://www.lilyhotels.com/                   ok           pages=4 pdfs=0
2026-10-04 23:26:19,290 INFO C agency https://www.maldivesexperts.com/              ok           pages=61 pdfs=5
2026-10-04 23:26:34,029 INFO C agency https://www.maldivesholidayoffers.com/        ok           pages=72 pdfs=1
2026-10-04 23:26:42,869 INFO C agency https://www.mymaldives.com/                   ok           pages=150 pdfs=0
2026-10-04 23:26:56,036 INFO C agency https://www.simplymaldives.co.uk/             ok           pages=150 pdfs=0
2026-10-04 23:27:03,320 INFO C agency https://www.atollsmaldives.com/               unreachable  pages=0 pdfs=0
2026-10-04 23:27:09,908 INFO C agency https://www.ocean-maldives.com/               unreachable  pages=0 pdfs=0
2026-10-04 23:27:22,847 INFO BLOCKED www.maldivesresorts.com (403)
2026-10-04 23:27:22,849 INFO C agency https://www.maldivesresorts.com/              blocked-partial pages=1 pdfs=0
2026-10-04 23:27:22,975 INFO C agency https://www.maldivestraveller.mv/             ok           pages=150 pdfs=0
2026-10-04 23:27:29,095 INFO C agency https://www.maldiveslovers.com/               ok           pages=1 pdfs=0
2026-10-04 23:27:35,633 INFO BLOCKED www.allmaldives.com (403)
2026-10-04 23:27:35,635 INFO C agency https://www.allmaldives.com/                  blocked-partial pages=1 pdfs=0
2026-10-04 23:27:36,228 INFO C agency https://www.maldivesfinest.com/               unreachable  pages=0 pdfs=0
2026-10-04 23:27:42,332 INFO C agency https://www.maldivesmagazine.com/             unreachable  pages=0 pdfs=0
2026-10-04 23:27:48,651 INFO C agency https://www.islandhoppers.com.mv/             unreachable  pages=0 pdfs=0
2026-10-04 23:27:56,196 INFO C agency https://www.triptomaldives.com/               unreachable  pages=0 pdfs=0
2026-10-04 23:28:36,432 INFO C agency https://www.maldivestourism.net/              ok           pages=139 pdfs=1
2026-10-04 23:29:09,733 INFO C agency https://www.visitmaldives.com/                ok           pages=150 pdfs=78
2026-10-04 23:31:57,774 INFO C agency https://www.turquoiseholidays.co.uk/          ok           pages=150 pdfs=0
2026-10-04 23:32:12,010 INFO C agency https://www.letsgo2.com/                      ok           pages=150 pdfs=0
2026-10-04 23:32:52,089 INFO C agency https://www.maldives.com/                     ok           pages=150 pdfs=1
2026-10-04 23:36:26,959 INFO C agency https://www.elegantresorts.co.uk/             ok           pages=150 pdfs=3
2026-10-04 23:38:34,571 INFO C agency https://www.destinology.co.uk/                ok           pages=150 pdfs=6
2026-10-04 23:38:42,694 INFO C agency https://www.abercrombiekent.co.uk/            ok           pages=150 pdfs=5
2026-10-04 23:38:55,078 INFO C agency https://www.maldivesholidays.co.uk/           ok           pages=4 pdfs=0
2026-10-04 23:39:02,374 INFO C agency https://www.pureholidays.co.uk/               unreachable  pages=0 pdfs=0
2026-10-04 23:40:59,876 INFO C agency https://www.kuoni.co.uk/                      ok           pages=150 pdfs=11
2026-10-04 23:42:01,989 INFO C agency https://www.scottdunn.com/                    ok           pages=150 pdfs=2
2026-10-04 23:43:12,137 INFO C agency https://www.holidayplace.co.uk/               ok           pages=150 pdfs=0
2026-10-04 23:44:21,732 INFO C agency https://www.sunsetmaldives.com/               ok           pages=150 pdfs=0
2026-10-04 23:46:17,091 INFO C agency https://www.carrier.co.uk/                    ok           pages=150 pdfs=0
2026-10-04 23:48:14,777 INFO C agency https://www.turisanda.it/                     ok           pages=150 pdfs=10
2026-10-04 23:50:09,779 INFO C agency https://www.tropicalsky.co.uk/                ok           pages=150 pdfs=1
2026-10-04 23:50:48,522 INFO C agency https://www.veratour.it/                      ok           pages=150 pdfs=46
2026-10-04 23:50:57,503 INFO C agency https://www.maldiveviaggi.it/                 unreachable  pages=0 pdfs=0
2026-10-04 23:51:06,884 INFO C agency https://www.maldive.it/                       unreachable  pages=0 pdfs=0
2026-10-04 23:51:18,983 INFO C agency https://www.ideeperviaggiare.it/              ok           pages=150 pdfs=1
2026-10-04 23:54:06,226 INFO C agency https://www.alpitour.it/                      ok           pages=150 pdfs=5
2026-10-04 23:57:28,075 INFO C agency https://www.edenviaggi.it/                    ok           pages=150 pdfs=1
2026-10-04 23:57:47,256 INFO C agency https://www.meiers-weltreisen.de/             ok           pages=150 pdfs=8
2026-10-04 23:57:50,740 INFO C agency https://www.francorosso.it/                   ok           pages=150 pdfs=0
2026-10-04 23:57:51,666 INFO C agency https://www.dertour.de/                       ok           pages=150 pdfs=5
2026-10-04 23:58:05,678 INFO C agency https://www.malediven-reisen.de/              ok           pages=15 pdfs=0
2026-10-04 23:58:47,752 INFO C agency https://www.manta-reisen.ch/                  unreachable  pages=0 pdfs=0
2026-10-05 00:01:53,301 INFO C agency https://www.fti.de/                           ok           pages=150 pdfs=30
2026-10-05 00:02:02,065 INFO C agency https://www.bontravel.ru/                     unreachable  pages=0 pdfs=0
2026-10-05 00:02:18,819 INFO C agency https://www.coral.ru/                         blocked      pages=0 pdfs=0
/home/user/maldives/crawl.py:351: XMLParsedAsHTMLWarning: It looks like you're using an HTML parser to parse an XML document.

Assuming this really is an XML document, what you're doing might work, but you should know that using an XML parser will be more reliable. To parse this document as XML, make sure you have the Python package 'lxml' installed, and pass the keyword argument `features="xml"` into the BeautifulSoup constructor.

If you want or need to use an HTML parser on this document, you can make this warning go away by filtering it. To do that, run this code before calling the BeautifulSoup constructor:

    from bs4 import XMLParsedAsHTMLWarning
    import warnings

    warnings.filterwarnings("ignore", category=XMLParsedAsHTMLWarning)

  text_len = len(BeautifulSoup(page_html, "lxml").get_text(" ", strip=True))
/home/user/maldives/lib.py:223: XMLParsedAsHTMLWarning: It looks like you're using an HTML parser to parse an XML document.

Assuming this really is an XML document, what you're doing might work, but you should know that using an XML parser will be more reliable. To parse this document as XML, make sure you have the Python package 'lxml' installed, and pass the keyword argument `features="xml"` into the BeautifulSoup constructor.

If you want or need to use an HTML parser on this document, you can make this warning go away by filtering it. To do that, run this code before calling the BeautifulSoup constructor:

    from bs4 import XMLParsedAsHTMLWarning
    import warnings

    warnings.filterwarnings("ignore", category=XMLParsedAsHTMLWarning)

  for m in REL_PDF_RE.finditer(html):
/home/user/maldives/crawl.py:135: XMLParsedAsHTMLWarning: It looks like you're using an HTML parser to parse an XML document.

Assuming this really is an XML document, what you're doing might work, but you should know that using an XML parser will be more reliable. To parse this document as XML, make sure you have the Python package 'lxml' installed, and pass the keyword argument `features="xml"` into the BeautifulSoup constructor.

If you want or need to use an HTML parser on this document, you can make this warning go away by filtering it. To do that, run this code before calling the BeautifulSoup constructor:

    from bs4 import XMLParsedAsHTMLWarning
    import warnings

    warnings.filterwarnings("ignore", category=XMLParsedAsHTMLWarning)

  soup = BeautifulSoup(html, "lxml")
/home/user/maldives/crawl.py:106: XMLParsedAsHTMLWarning: It looks like you're using an HTML parser to parse an XML document.

Assuming this really is an XML document, what you're doing might work, but you should know that using an XML parser will be more reliable. To parse this document as XML, make sure you have the Python package 'lxml' installed, and pass the keyword argument `features="xml"` into the BeautifulSoup constructor.

If you want or need to use an HTML parser on this document, you can make this warning go away by filtering it. To do that, run this code before calling the BeautifulSoup constructor:

    from bs4 import XMLParsedAsHTMLWarning
    import warnings

    warnings.filterwarnings("ignore", category=XMLParsedAsHTMLWarning)

  soup = BeautifulSoup(html, "lxml")
2026-10-05 00:03:52,922 INFO C agency https://www.malediven.de/                     ok           pages=150 pdfs=15
2026-10-05 00:04:01,950 INFO C agency https://www.maldives-tour.jp/                 unreachable  pages=0 pdfs=0
2026-10-05 00:04:03,458 INFO C agency https://www.tropical-islands.de/              ok           pages=150 pdfs=8
2026-10-05 00:04:03,985 INFO BLOCKED www.his-j.com (403)
2026-10-05 00:04:03,990 INFO C agency https://www.his-j.com/                        blocked      pages=0 pdfs=0
2026-10-05 00:05:15,336 INFO C agency https://www.airtours.de/                      ok           pages=150 pdfs=50
2026-10-05 00:05:33,016 INFO C agency https://www.holidayme.com/                    ok           pages=13 pdfs=0
2026-10-05 00:08:33,643 INFO C agency https://www.musafir.com/                      ok           pages=150 pdfs=0
2026-10-05 00:08:41,041 INFO C agency https://www.maldives.cn/                      unreachable  pages=0 pdfs=0
2026-10-05 00:08:47,802 INFO C agency https://www.maldives-china.com/               unreachable  pages=0 pdfs=0
2026-10-05 00:08:58,440 INFO C agency https://www.dnatatravel.com/                  ok           pages=137 pdfs=9
