2026-10-04 22:22:00,983 INFO Crown&Champa media API: 95 pdfs
2026-10-04 22:22:05,355 INFO Crown&Champa: 136 section pages
2026-10-04 22:24:11,973 INFO Neoscapes: 118 resort pages
2026-10-04 22:25:53,643 INFO queue: 341 candidates to process
2026-10-04 22:26:14,001 INFO progress 25/341 {'stored': 19, 'unmatched': 6}
2026-10-04 22:26:33,235 INFO progress 50/341 {'stored': 38, 'unmatched': 12}
2026-10-04 22:26:54,815 INFO progress 75/341 {'stored': 57, 'unmatched': 17, 'duplicate': 1}
2026-10-04 22:27:10,057 INFO progress 100/341 {'stored': 75, 'unmatched': 19, 'duplicate': 4, 'failed': 2}
2026-10-04 22:27:27,070 INFO progress 125/341 {'stored': 98, 'unmatched': 19, 'duplicate': 4, 'failed': 4}
2026-10-04 22:27:43,054 INFO progress 150/341 {'stored': 123, 'unmatched': 19, 'duplicate': 4, 'failed': 4}
2026-10-04 22:28:00,658 INFO progress 175/341 {'stored': 147, 'unmatched': 19, 'duplicate': 4, 'failed': 5}
2026-10-04 22:28:15,840 INFO progress 200/341 {'stored': 172, 'unmatched': 19, 'duplicate': 4, 'failed': 5}
2026-10-04 22:28:36,115 INFO progress 225/341 {'stored': 194, 'unmatched': 21, 'duplicate': 4, 'failed': 5, 'excluded': 1}
2026-10-04 22:28:55,669 INFO progress 250/341 {'stored': 215, 'unmatched': 21, 'duplicate': 4, 'failed': 9, 'excluded': 1}
2026-10-04 22:29:15,866 INFO progress 275/341 {'stored': 238, 'unmatched': 23, 'duplicate': 4, 'failed': 9, 'excluded': 1}
2026-10-04 22:29:34,305 INFO progress 300/341 {'stored': 261, 'unmatched': 25, 'duplicate': 4, 'failed': 9, 'excluded': 1}
2026-10-04 22:29:53,476 INFO progress 325/341 {'stored': 283, 'unmatched': 25, 'duplicate': 4, 'failed': 12, 'excluded': 1}
2026-10-04 22:30:05,248 INFO queue done: {'stored': 297, 'unmatched': 25, 'duplicate': 4, 'failed': 14, 'excluded': 1}
2026-10-04 22:33:25,009 INFO reprocessed 297 docs, 82 changed
2026-10-04 22:33:25,186 INFO requeued 25 results
2026-10-04 22:33:25,353 INFO queue: 25 candidates to process
2026-10-04 22:33:40,205 INFO progress 25/25 {'unmatched': 21, 'stored': 4}
2026-10-04 22:33:40,213 INFO queue done: {'unmatched': 21, 'stored': 4}
